Archive member included to satisfy reference by file (symbol)

c:/program files (x86)/atmel/studio/7.0/toolchain/avr8/avr8-gnu-toolchain/bin/../lib/gcc/avr/4.9.2/avr5\libgcc.a(_mulsi3.o)
                              main.o (__mulsi3)
c:/program files (x86)/atmel/studio/7.0/toolchain/avr8/avr8-gnu-toolchain/bin/../lib/gcc/avr/4.9.2/avr5\libgcc.a(_udivmodhi4.o)
                              drivers/u8glib/u8g_u16toa.o (__udivmodhi4)
c:/program files (x86)/atmel/studio/7.0/toolchain/avr8/avr8-gnu-toolchain/bin/../lib/gcc/avr/4.9.2/avr5\libgcc.a(_divmodhi4.o)
                              drivers/u8glib/u8g_polygon.o (__divmodhi4)
c:/program files (x86)/atmel/studio/7.0/toolchain/avr8/avr8-gnu-toolchain/bin/../lib/gcc/avr/4.9.2/avr5\libgcc.a(_divmodsi4.o)
                              main.o (__divmodsi4)
c:/program files (x86)/atmel/studio/7.0/toolchain/avr8/avr8-gnu-toolchain/bin/../lib/gcc/avr/4.9.2/avr5\libgcc.a(_negsi2.o)
                              c:/program files (x86)/atmel/studio/7.0/toolchain/avr8/avr8-gnu-toolchain/bin/../lib/gcc/avr/4.9.2/avr5\libgcc.a(_divmodsi4.o) (__negsi2)
c:/program files (x86)/atmel/studio/7.0/toolchain/avr8/avr8-gnu-toolchain/bin/../lib/gcc/avr/4.9.2/avr5\libgcc.a(_exit.o)
                              C:/Program Files (x86)/Atmel/Studio/7.0/Packs/atmel/ATmega_DFP/1.1.130/gcc/dev/atmega328p/avr5/crtatmega328p.o (exit)
c:/program files (x86)/atmel/studio/7.0/toolchain/avr8/avr8-gnu-toolchain/bin/../lib/gcc/avr/4.9.2/avr5\libgcc.a(_tablejump2.o)
                              drivers/u8glib/u8g_com_atmega_hw_spi.o (__tablejump2__)
c:/program files (x86)/atmel/studio/7.0/toolchain/avr8/avr8-gnu-toolchain/bin/../lib/gcc/avr/4.9.2/avr5\libgcc.a(_copy_data.o)
                              drivers/u8glib/chessengine.o (__do_copy_data)
c:/program files (x86)/atmel/studio/7.0/toolchain/avr8/avr8-gnu-toolchain/bin/../lib/gcc/avr/4.9.2/avr5\libgcc.a(_clear_bss.o)
                              drivers/u8glib/chessengine.o (__do_clear_bss)
c:/program files (x86)/atmel/studio/7.0/toolchain/avr8/avr8-gnu-toolchain/bin/../lib/gcc/avr/4.9.2/avr5\libgcc.a(_ctors.o)
                              main.o (__do_global_ctors)
c:/program files (x86)/atmel/studio/7.0/toolchain/avr8/avr8-gnu-toolchain/bin/../lib/gcc/avr/4.9.2/avr5\libgcc.a(_muluhisi3.o)
                              c:/program files (x86)/atmel/studio/7.0/toolchain/avr8/avr8-gnu-toolchain/bin/../lib/gcc/avr/4.9.2/avr5\libgcc.a(_mulsi3.o) (__muluhisi3)
c:/program files (x86)/atmel/studio/7.0/toolchain/avr8/avr8-gnu-toolchain/bin/../lib/gcc/avr/4.9.2/avr5\libgcc.a(_udivmodsi4.o)
                              c:/program files (x86)/atmel/studio/7.0/toolchain/avr8/avr8-gnu-toolchain/bin/../lib/gcc/avr/4.9.2/avr5\libgcc.a(_divmodsi4.o) (__udivmodsi4)
c:/program files (x86)/atmel/studio/7.0/toolchain/avr8/avr8-gnu-toolchain/bin/../lib/gcc/avr/4.9.2/avr5\libgcc.a(_umulhisi3.o)
                              c:/program files (x86)/atmel/studio/7.0/toolchain/avr8/avr8-gnu-toolchain/bin/../lib/gcc/avr/4.9.2/avr5\libgcc.a(_muluhisi3.o) (__umulhisi3)
c:/program files (x86)/atmel/studio/7.0/toolchain/avr8/avr8-gnu-toolchain/bin/../lib/gcc/avr/4.9.2/../../../../avr/lib/avr5\libc.a(memcpy_P.o)
                              drivers/u8glib/u8g_com_io.o (memcpy_P)
c:/program files (x86)/atmel/studio/7.0/toolchain/avr8/avr8-gnu-toolchain/bin/../lib/gcc/avr/4.9.2/../../../../avr/lib/avr5\libc.a(strcpy_P.o)
                              main.o (strcpy_P)
c:/program files (x86)/atmel/studio/7.0/toolchain/avr8/avr8-gnu-toolchain/bin/../lib/gcc/avr/4.9.2/../../../../avr/lib/avr5\libc.a(sprintf_p.o)
                              main.o (sprintf_P)
c:/program files (x86)/atmel/studio/7.0/toolchain/avr8/avr8-gnu-toolchain/bin/../lib/gcc/avr/4.9.2/../../../../avr/lib/avr5\libc.a(vfprintf_std.o)
                              c:/program files (x86)/atmel/studio/7.0/toolchain/avr8/avr8-gnu-toolchain/bin/../lib/gcc/avr/4.9.2/../../../../avr/lib/avr5\libc.a(sprintf_p.o) (vfprintf)
c:/program files (x86)/atmel/studio/7.0/toolchain/avr8/avr8-gnu-toolchain/bin/../lib/gcc/avr/4.9.2/../../../../avr/lib/avr5\libc.a(strnlen_P.o)
                              c:/program files (x86)/atmel/studio/7.0/toolchain/avr8/avr8-gnu-toolchain/bin/../lib/gcc/avr/4.9.2/../../../../avr/lib/avr5\libc.a(vfprintf_std.o) (strnlen_P)
c:/program files (x86)/atmel/studio/7.0/toolchain/avr8/avr8-gnu-toolchain/bin/../lib/gcc/avr/4.9.2/../../../../avr/lib/avr5\libc.a(strnlen.o)
                              c:/program files (x86)/atmel/studio/7.0/toolchain/avr8/avr8-gnu-toolchain/bin/../lib/gcc/avr/4.9.2/../../../../avr/lib/avr5\libc.a(vfprintf_std.o) (strnlen)
c:/program files (x86)/atmel/studio/7.0/toolchain/avr8/avr8-gnu-toolchain/bin/../lib/gcc/avr/4.9.2/../../../../avr/lib/avr5\libc.a(fputc.o)
                              c:/program files (x86)/atmel/studio/7.0/toolchain/avr8/avr8-gnu-toolchain/bin/../lib/gcc/avr/4.9.2/../../../../avr/lib/avr5\libc.a(vfprintf_std.o) (fputc)
[...]
Memory Configuration

Name             Origin             Length             Attributes
text             0x00000000         0x00020000         xr
data             0x00800060         0x0000ffa0         rw !x
eeprom           0x00810000         0x00010000         rw !x
fuse             0x00820000         0x00000003         rw !x
lock             0x00830000         0x00000400         rw !x
signature        0x00840000         0x00000400         rw !x
user_signatures  0x00850000         0x00000400         rw !x
*default*        0x00000000         0xffffffff

Linker script and memory map

Address of section .data set to 0x800100
LOAD C:/Program Files (x86)/Atmel/Studio/7.0/Packs/atmel/ATmega_DFP/1.1.130/gcc/dev/atmega328p/avr5/crtatmega328p.o
LOAD drivers/eeprom.o
LOAD drivers/u8glib/chessengine.o
LOAD drivers/u8glib/u8g_bitmap.o
LOAD drivers/u8glib/u8g_circle.o
LOAD drivers/u8glib/u8g_clip.o
LOAD drivers/u8glib/u8g_com_api.o
LOAD drivers/u8glib/u8g_com_api_16gr.o
LOAD drivers/u8glib/u8g_com_arduino_attiny85_hw_spi.o
LOAD drivers/u8glib/u8g_com_arduino_common.o
LOAD drivers/u8glib/u8g_com_arduino_fast_parallel.o
LOAD drivers/u8glib/u8g_com_arduino_hw_spi.o
LOAD drivers/u8glib/u8g_com_arduino_hw_usart_spi.o
LOAD drivers/u8glib/u8g_com_arduino_no_en_parallel.o
LOAD drivers/u8glib/u8g_com_arduino_parallel.o
LOAD drivers/u8glib/u8g_com_arduino_port_d_wr.o
LOAD drivers/u8glib/u8g_com_arduino_ssd_i2c.o
LOAD drivers/u8glib/u8g_com_arduino_st7920_custom.o
LOAD drivers/u8glib/u8g_com_arduino_st7920_hw_spi.o
LOAD drivers/u8glib/u8g_com_arduino_st7920_spi.o
LOAD drivers/u8glib/u8g_com_arduino_std_sw_spi.o
LOAD drivers/u8glib/u8g_com_arduino_sw_spi.o
LOAD drivers/u8glib/u8g_com_arduino_t6963.o
LOAD drivers/u8glib/u8g_com_arduino_uc_i2c.o
LOAD drivers/u8glib/u8g_com_atmega_hw_spi.o
LOAD drivers/u8glib/u8g_com_atmega_parallel.o
LOAD drivers/u8glib/u8g_com_atmega_st7920_hw_spi.o
LOAD drivers/u8glib/u8g_com_atmega_st7920_spi.o
LOAD drivers/u8glib/u8g_com_atmega_sw_spi.o
LOAD drivers/u8glib/u8g_com_i2c.o
LOAD drivers/u8glib/u8g_com_io.o
LOAD drivers/u8glib/u8g_com_msp430_hw_spi.o
LOAD drivers/u8glib/u8g_com_null.o
LOAD drivers/u8glib/u8g_com_raspberrypi_hw_spi.o
LOAD drivers/u8glib/u8g_com_raspberrypi_ssd_i2c.o
LOAD drivers/u8glib/u8g_com_std_sw_spi.o
LOAD drivers/u8glib/u8g_cursor.o
LOAD drivers/u8glib/u8g_delay.o
LOAD drivers/u8glib/u8g_dev_a2_micro_printer.o
LOAD drivers/u8glib/u8g_dev_flipdisc_2x7.o
LOAD drivers/u8glib/u8g_dev_gprof.o
LOAD drivers/u8glib/u8g_dev_ht1632.o
LOAD drivers/u8glib/u8g_dev_ili9325d_320x240.o
LOAD drivers/u8glib/u8g_dev_ks0108_128x64.o
LOAD drivers/u8glib/u8g_dev_lc7981_160x80.o
LOAD drivers/u8glib/u8g_dev_lc7981_240x128.o
LOAD drivers/u8glib/u8g_dev_lc7981_240x64.o
LOAD drivers/u8glib/u8g_dev_lc7981_320x64.o
LOAD drivers/u8glib/u8g_dev_ld7032_60x32.o
LOAD drivers/u8glib/u8g_dev_null.o
LOAD drivers/u8glib/u8g_dev_pcd8544_84x48.o
LOAD drivers/u8glib/u8g_dev_pcf8812_96x65.o
LOAD drivers/u8glib/u8g_dev_sbn1661_122x32.o
LOAD drivers/u8glib/u8g_dev_ssd1306_128x32.o
LOAD drivers/u8glib/u8g_dev_ssd1306_128x64.o
LOAD drivers/u8glib/u8g_dev_ssd1306_64x48.o
LOAD drivers/u8glib/u8g_dev_ssd1309_128x64.o
LOAD drivers/u8glib/u8g_dev_ssd1322_nhd31oled_bw.o
LOAD drivers/u8glib/u8g_dev_ssd1322_nhd31oled_gr.o
LOAD drivers/u8glib/u8g_dev_ssd1325_nhd27oled_bw.o
LOAD drivers/u8glib/u8g_dev_ssd1325_nhd27oled_bw_new.o
LOAD drivers/u8glib/u8g_dev_ssd1325_nhd27oled_gr.o
LOAD drivers/u8glib/u8g_dev_ssd1325_nhd27oled_gr_new.o
LOAD drivers/u8glib/u8g_dev_ssd1327_96x96_gr.o
LOAD drivers/u8glib/u8g_dev_ssd1351_128x128.o
LOAD drivers/u8glib/u8g_dev_ssd1353_160x128.o
LOAD drivers/u8glib/u8g_dev_st7565_64128n.o
LOAD drivers/u8glib/u8g_dev_st7565_dogm128.o
LOAD drivers/u8glib/u8g_dev_st7565_dogm132.o
LOAD drivers/u8glib/u8g_dev_st7565_lm6059.o
LOAD drivers/u8glib/u8g_dev_st7565_lm6063.o
LOAD drivers/u8glib/u8g_dev_st7565_nhd_c12832.o
LOAD drivers/u8glib/u8g_dev_st7565_nhd_c12864.o
LOAD drivers/u8glib/u8g_dev_st7687_c144mvgd.o
LOAD drivers/u8glib/u8g_dev_st7920_128x64.o
LOAD drivers/u8glib/u8g_dev_st7920_192x32.o
LOAD drivers/u8glib/u8g_dev_st7920_202x32.o
LOAD drivers/u8glib/u8g_dev_t6963_128x128.o
LOAD drivers/u8glib/u8g_dev_t6963_128x64.o
LOAD drivers/u8glib/u8g_dev_t6963_240x128.o
LOAD drivers/u8glib/u8g_dev_t6963_240x64.o
LOAD drivers/u8glib/u8g_dev_tls8204_84x48.o
LOAD drivers/u8glib/u8g_dev_uc1601_c128032.o
LOAD drivers/u8glib/u8g_dev_uc1608_240x128.o
LOAD drivers/u8glib/u8g_dev_uc1608_240x64.o
LOAD drivers/u8glib/u8g_dev_uc1610_dogxl160.o
LOAD drivers/u8glib/u8g_dev_uc1611_dogm240.o
LOAD drivers/u8glib/u8g_dev_uc1611_dogxl240.o
LOAD drivers/u8glib/u8g_dev_uc1701_dogs102.o
LOAD drivers/u8glib/u8g_dev_uc1701_mini12864.o
LOAD drivers/u8glib/u8g_ellipse.o
LOAD drivers/u8glib/u8g_font.o
LOAD drivers/u8glib/u8g_font_data.o
LOAD drivers/u8glib/u8g_line.o
LOAD drivers/u8glib/u8g_ll_api.o
LOAD drivers/u8glib/u8g_page.o
LOAD drivers/u8glib/u8g_pb.o
LOAD drivers/u8glib/u8g_pb14v1.o
LOAD drivers/u8glib/u8g_pb16h1.o
LOAD drivers/u8glib/u8g_pb16h2.o
LOAD drivers/u8glib/u8g_pb16v1.o
LOAD drivers/u8glib/u8g_pb16v2.o
LOAD drivers/u8glib/u8g_pb32h1.o
LOAD drivers/u8glib/u8g_pb8h1.o
LOAD drivers/u8glib/u8g_pb8h1f.o
LOAD drivers/u8glib/u8g_pb8h2.o
LOAD drivers/u8glib/u8g_pb8h8.o
LOAD drivers/u8glib/u8g_pb8v1.o
LOAD drivers/u8glib/u8g_pb8v2.o
LOAD drivers/u8glib/u8g_pbxh16.o
LOAD drivers/u8glib/u8g_pbxh24.o
LOAD drivers/u8glib/u8g_polygon.o
LOAD drivers/u8glib/u8g_rect.o
LOAD drivers/u8glib/u8g_rot.o
LOAD drivers/u8glib/u8g_scale.o
LOAD drivers/u8glib/u8g_state.o
LOAD drivers/u8glib/u8g_u16toa.o
LOAD drivers/u8glib/u8g_u8toa.o
LOAD drivers/u8glib/u8g_virtual_screen.o
LOAD main.o
LOAD time.o
START GROUP
LOAD c:/program files (x86)/atmel/studio/7.0/toolchain/avr8/avr8-gnu-toolchain/bin/../lib/gcc/avr/4.9.2/../../../../avr/lib/avr5\libm.a
END GROUP
LOAD c:/program files (x86)/atmel/studio/7.0/toolchain/avr8/avr8-gnu-toolchain/bin/../lib/gcc/avr/4.9.2/avr5\libgcc.a
LOAD c:/program files (x86)/atmel/studio/7.0/toolchain/avr8/avr8-gnu-toolchain/bin/../lib/gcc/avr/4.9.2/../../../../avr/lib/avr5\libm.a
START GROUP
LOAD c:/program files (x86)/atmel/studio/7.0/toolchain/avr8/avr8-gnu-toolchain/bin/../lib/gcc/avr/4.9.2/avr5\libgcc.a
LOAD c:/program files (x86)/atmel/studio/7.0/toolchain/avr8/avr8-gnu-toolchain/bin/../lib/gcc/avr/4.9.2/../../../../avr/lib/avr5\libm.a
LOAD c:/program files (x86)/atmel/studio/7.0/toolchain/avr8/avr8-gnu-toolchain/bin/../lib/gcc/avr/4.9.2/../../../../avr/lib/avr5\libc.a
LOAD C:/Program Files (x86)/Atmel/Studio/7.0/Packs/atmel/ATmega_DFP/1.1.130/gcc/dev/atmega328p/avr5\libatmega328p.a
END GROUP
                0x00020000                __TEXT_REGION_LENGTH__ = DEFINED (__TEXT_REGION_LENGTH__)?__TEXT_REGION_LENGTH__:0x20000
                0x0000ffa0                __DATA_REGION_LENGTH__ = DEFINED (__DATA_REGION_LENGTH__)?__DATA_REGION_LENGTH__:0xffa0
                0x00010000                __EEPROM_REGION_LENGTH__ = DEFINED (__EEPROM_REGION_LENGTH__)?__EEPROM_REGION_LENGTH__:0x10000
                [0x00000003]                __FUSE_REGION_LENGTH__ = DEFINED (__FUSE_REGION_LENGTH__)?__FUSE_REGION_LENGTH__:0x400
                0x00000400                __LOCK_REGION_LENGTH__ = DEFINED (__LOCK_REGION_LENGTH__)?__LOCK_REGION_LENGTH__:0x400
                0x00000400                __SIGNATURE_REGION_LENGTH__ = DEFINED (__SIGNATURE_REGION_LENGTH__)?__SIGNATURE_REGION_LENGTH__:0x400
                0x00000400                __USER_SIGNATURE_REGION_LENGTH__ = DEFINED (__USER_SIGNATURE_REGION_LENGTH__)?__USER_SIGNATURE_REGION_LENGTH__:0x400

.hash
 *(.hash)

.dynsym
 *(.dynsym)

.dynstr
 *(.dynstr)

.gnu.version
 *(.gnu.version)

.gnu.version_d
 *(.gnu.version_d)

.gnu.version_r
 *(.gnu.version_r)

.rel.init
 *(.rel.init)

.rela.init
 *(.rela.init)

.rel.text
 *(.rel.text)
 *(.rel.text.*)
 *(.rel.gnu.linkonce.t*)

.rela.text
 *(.rela.text)
 *(.rela.text.*)
 *(.rela.gnu.linkonce.t*)

.rel.fini
 *(.rel.fini)

.rela.fini
 *(.rela.fini)

.rel.rodata
 *(.rel.rodata)
 *(.rel.rodata.*)
 *(.rel.gnu.linkonce.r*)

.rela.rodata
 *(.rela.rodata)
 *(.rela.rodata.*)
 *(.rela.gnu.linkonce.r*)

.rel.data
 *(.rel.data)
 *(.rel.data.*)
 *(.rel.gnu.linkonce.d*)

.rela.data
 *(.rela.data)
 *(.rela.data.*)
 *(.rela.gnu.linkonce.d*)

.rel.ctors
 *(.rel.ctors)

.rela.ctors
 *(.rela.ctors)

.rel.dtors
 *(.rel.dtors)

.rela.dtors
 *(.rela.dtors)

.rel.got
 *(.rel.got)

.rela.got
 *(.rela.got)

.rel.bss
 *(.rel.bss)

.rela.bss
 *(.rela.bss)

.rel.plt
 *(.rel.plt)

.rela.plt
 *(.rela.plt)

.text           0x00000000     0x45de
 *(.vectors)
 .vectors       0x00000000       0x68 C:/Program Files (x86)/Atmel/Studio/7.0/Packs/atmel/ATmega_DFP/1.1.130/gcc/dev/atmega328p/avr5/crtatmega328p.o
                0x00000000                __vector_default
                0x00000000                __vectors
 *(.vectors)
 *(.progmem.gcc*)
                0x00000068                . = ALIGN (0x2)
                0x00000068                __trampolines_start = .
 *(.trampolines)
 .trampolines   0x00000068        0x0 linker stubs
 *(.trampolines*)
                0x00000068                __trampolines_end = .
 *libprintf_flt.a:*(.progmem.data)
 *libc.a:*(.progmem.data)
 *(.progmem*)
 .progmem.data.u8g_dev_ssd13xx_sleep_off
                0x00000068        0xb drivers/u8glib/u8g_dev_ssd1306_128x64.o
 .progmem.data.u8g_dev_ssd13xx_sleep_on
                0x00000073        0x9 drivers/u8glib/u8g_dev_ssd1306_128x64.o
 .progmem.data.u8g_dev_ssd1306_128x64_data_start
                0x0000007c        0x8 drivers/u8glib/u8g_dev_ssd1306_128x64.o
 .progmem.data.u8g_dev_ssd1306_128x64_adafruit2_init_seq
                0x00000084       0x26 drivers/u8glib/u8g_dev_ssd1306_128x64.o
 .progmem.u8g_font_fur35n
                0x000000aa      0x5a7 drivers/u8glib/u8g_font_data.o
                0x000000aa                u8g_font_fur35n
 .progmem.u8g_font_6x12
                0x00000651      0x78d drivers/u8glib/u8g_font_data.o
                0x00000651                u8g_font_6x12
 .progmem.u8g_font_6x10
                0x00000dde      0x74a drivers/u8glib/u8g_font_data.o
                0x00000dde                u8g_font_6x10
 .progmem.u8g_font_10x20
                0x00001528      0xd7d drivers/u8glib/u8g_font_data.o
                0x00001528                u8g_font_10x20
 .progmem.u8g_font_04b_24
                0x000022a5      0x390 drivers/u8glib/u8g_font_data.o
                0x000022a5                u8g_font_04b_24
 .progmem.data._ZZ19displaySplashScreenvE3__c_1
                0x00002635       0x11 main.o
 .progmem.data._ZZ19displaySplashScreenvE3__c_0
                0x00002646        0xd main.o
 .progmem.data._ZZ19displaySplashScreenvE3__c
                0x00002653        0x8 main.o
 .progmem.data._ZZ22displaySelectedChannelhE3__c
                0x0000265b        0xa main.o
 .progmem.data._ZZ15findBestChannelvE3__c
                0x00002665        0xd main.o
 .progmem.data._ZL14channels_names
                0x00002672       0x12 main.o
 .progmem.data._ZL9channel_9
                0x00002684        0x5 main.o
 .progmem.data._ZL9channel_8
                0x00002689        0x5 main.o
 .progmem.data._ZL9channel_7
                0x0000268e        0x5 main.o
 .progmem.data._ZL9channel_6
                0x00002693        0x5 main.o
 .progmem.data._ZL9channel_5
                0x00002698        0x5 main.o
 .progmem.data._ZL9channel_4
                0x0000269d        0x5 main.o
 .progmem.data._ZL9channel_3
                0x000026a2        0x5 main.o
 .progmem.data._ZL9channel_2
                0x000026a7        0x5 main.o
 .progmem.data._ZL9channel_1
                0x000026ac        0x5 main.o
 .progmem.data._ZL10with_plane
                0x000026b1      0x120 main.o
                0x000027d2                . = ALIGN (0x2)
 *fill*         0x000027d1        0x1 
 *(.jumptables)
 *(.jumptables*)
 *(.lowtext)
 *(.lowtext*)
                0x000027d2                __ctors_start = .
 *(.ctors)
 .ctors         0x000027d2        0x2 main.o
                0x000027d4                __ctors_end = .
                0x000027d4                __dtors_start = .
 *(.dtors)
                0x000027d4                __dtors_end = .
 SORT(*)(.ctors)
 SORT(*)(.dtors)
 *(.init0)
 .init0         0x000027d4        0x0 C:/Program Files (x86)/Atmel/Studio/7.0/Packs/atmel/ATmega_DFP/1.1.130/gcc/dev/atmega328p/avr5/crtatmega328p.o
                0x000027d4                __init
 *(.init0)
 *(.init1)
 *(.init1)
 *(.init2)
 .init2         0x000027d4        0xc C:/Program Files (x86)/Atmel/Studio/7.0/Packs/atmel/ATmega_DFP/1.1.130/gcc/dev/atmega328p/avr5/crtatmega328p.o
 *(.init2)
 *(.init3)
 *(.init3)
 *(.init4)
 .init4         0x000027e0       0x16 c:/program files (x86)/atmel/studio/7.0/toolchain/avr8/avr8-gnu-toolchain/bin/../lib/gcc/avr/4.9.2/avr5\libgcc.a(_copy_data.o)
                0x000027e0                __do_copy_data
 .init4         0x000027f6       0x10 c:/program files (x86)/atmel/studio/7.0/toolchain/avr8/avr8-gnu-toolchain/bin/../lib/gcc/avr/4.9.2/avr5\libgcc.a(_clear_bss.o)
                0x000027f6                __do_clear_bss
 *(.init4)
 *(.init5)
 *(.init5)
 *(.init6)
 .init6         0x00002806       0x16 c:/program files (x86)/atmel/studio/7.0/toolchain/avr8/avr8-gnu-toolchain/bin/../lib/gcc/avr/4.9.2/avr5\libgcc.a(_ctors.o)
                0x00002806                __do_global_ctors
 *(.init6)
 *(.init7)
 *(.init7)
 *(.init8)
 *(.init8)
 *(.init9)
 .init9         0x0000281c        0x8 C:/Program Files (x86)/Atmel/Studio/7.0/Packs/atmel/ATmega_DFP/1.1.130/gcc/dev/atmega328p/avr5/crtatmega328p.o
 *(.init9)
 *(.text)
 .text          0x00002824        0x4 C:/Program Files (x86)/Atmel/Studio/7.0/Packs/atmel/ATmega_DFP/1.1.130/gcc/dev/atmega328p/avr5/crtatmega328p.o
                0x00002824                __vector_22
                0x00002824                __vector_1
                0x00002824                __vector_24
                0x00002824                __vector_12
                0x00002824                __bad_interrupt
                0x00002824                __vector_6
                0x00002824                __vector_3
                0x00002824                __vector_23
                0x00002824                __vector_25
                0x00002824                __vector_11
                0x00002824                __vector_13
                0x00002824                __vector_17
                0x00002824                __vector_19
                0x00002824                __vector_7
                0x00002824                __vector_5
                0x00002824                __vector_4
                0x00002824                __vector_9
                0x00002824                __vector_2
                0x00002824                __vector_21
                0x00002824                __vector_15
                0x00002824                __vector_8
                0x00002824                __vector_14
                0x00002824                __vector_10
                0x00002824                __vector_18
                0x00002824                __vector_20
                0x00002828                . = ALIGN (0x2)
 *(.text.*)
 .text._ZN6EEPROM5writeEjh
                0x00002828       0x10 drivers/eeprom.o
                0x00002828                _ZN6EEPROM5writeEjh
 .text._ZN6EEPROM8readByteEj
                0x00002838        0xe drivers/eeprom.o
                0x00002838                _ZN6EEPROM8readByteEj
 .text.u8g_DrawXBMP
                0x00002846       0xfc drivers/u8glib/u8g_bitmap.o
                0x00002846                u8g_DrawXBMP
 .text.u8g_IsBBXIntersection
                0x00002942       0x44 drivers/u8glib/u8g_clip.o
                0x00002942                u8g_IsBBXIntersection
 .text.u8g_InitCom
                0x00002986       0x12 drivers/u8glib/u8g_com_api.o
                0x00002986                u8g_InitCom
 .text.u8g_SetChipSelect
                0x00002998       0x12 drivers/u8glib/u8g_com_api.o
                0x00002998                u8g_SetChipSelect
 .text.u8g_SetResetLow
                0x000029aa       0x14 drivers/u8glib/u8g_com_api.o
                0x000029aa                u8g_SetResetLow
 .text.u8g_SetResetHigh
                0x000029be       0x14 drivers/u8glib/u8g_com_api.o
                0x000029be                u8g_SetResetHigh
 .text.u8g_SetAddress
                0x000029d2       0x12 drivers/u8glib/u8g_com_api.o
                0x000029d2                u8g_SetAddress
 .text.u8g_WriteByte
                0x000029e4       0x12 drivers/u8glib/u8g_com_api.o
                0x000029e4                u8g_WriteByte
 .text.u8g_WriteSequence
                0x000029f6        0xe drivers/u8glib/u8g_com_api.o
                0x000029f6                u8g_WriteSequence
 .text.u8g_WriteEscSeqP
                0x00002a04       0xc0 drivers/u8glib/u8g_com_api.o
                0x00002a04                u8g_WriteEscSeqP
 .text.u8g_com_arduino_ssd_start_sequence
                0x00002ac4       0x34 drivers/u8glib/u8g_com_arduino_ssd_i2c.o
                0x00002ac4                u8g_com_arduino_ssd_start_sequence
 .text.u8g_com_arduino_ssd_i2c_fn
                0x00002af8       0xb4 drivers/u8glib/u8g_com_arduino_ssd_i2c.o
                0x00002af8                u8g_com_arduino_ssd_i2c_fn
 .text.u8g_i2c_set_error
                0x00002bac       0x12 drivers/u8glib/u8g_com_i2c.o
 .text.u8g_i2c_clear_error
                0x00002bbe        0xa drivers/u8glib/u8g_com_i2c.o
                0x00002bbe                u8g_i2c_clear_error
 .text.u8g_i2c_init
                0x00002bc8       0x1a drivers/u8glib/u8g_com_i2c.o
                0x00002bc8                u8g_i2c_init
 .text.u8g_i2c_wait
                0x00002be2       0x52 drivers/u8glib/u8g_com_i2c.o
                0x00002be2                u8g_i2c_wait
 .text.u8g_i2c_start
                0x00002c34       0x6e drivers/u8glib/u8g_com_i2c.o
                0x00002c34                u8g_i2c_start
 .text.u8g_i2c_send_byte
                0x00002ca2       0x42 drivers/u8glib/u8g_com_i2c.o
                0x00002ca2                u8g_i2c_send_byte
 .text.u8g_i2c_stop
                0x00002ce4        0xe drivers/u8glib/u8g_com_i2c.o
                0x00002ce4                u8g_i2c_stop
 .text.u8g_Delay
                0x00002cf2       0x14 drivers/u8glib/u8g_delay.o
                0x00002cf2                u8g_Delay
 .text.u8g_dev_ssd1306_128x64_fn
                0x00002d06      0x112 drivers/u8glib/u8g_dev_ssd1306_128x64.o
                0x00002d06                u8g_dev_ssd1306_128x64_fn
 .text.u8g_font_get_word
                0x00002e18       0x18 drivers/u8glib/u8g_font.o
 .text.u8g_font_GetFormat
                0x00002e30        0x6 drivers/u8glib/u8g_font.o
 .text.u8g_font_GetFontGlyphStructureSize
                0x00002e36       0x14 drivers/u8glib/u8g_font.o
 .text.u8g_font_calc_vref_font
                0x00002e4a        0x4 drivers/u8glib/u8g_font.o
                0x00002e4a                u8g_font_calc_vref_font
 .text.u8g_font_GetEncoding65Pos
                0x00002e4e        0x6 drivers/u8glib/u8g_font.o
                0x00002e4e                u8g_font_GetEncoding65Pos
 .text.u8g_font_GetEncoding97Pos
                0x00002e54        0x6 drivers/u8glib/u8g_font.o
                0x00002e54                u8g_font_GetEncoding97Pos
 .text.u8g_font_GetFontStartEncoding
                0x00002e5a        0x8 drivers/u8glib/u8g_font.o
                0x00002e5a                u8g_font_GetFontStartEncoding
 .text.u8g_font_GetFontEndEncoding
                0x00002e62        0x8 drivers/u8glib/u8g_font.o
                0x00002e62                u8g_font_GetFontEndEncoding
 .text.u8g_GetGlyph
                0x00002e6a      0x1ac drivers/u8glib/u8g_font.o
                0x00002e6a                u8g_GetGlyph
 .text.u8g_draw_glyph
                0x00003016       0xd6 drivers/u8glib/u8g_font.o
                0x00003016                u8g_draw_glyph
 .text.u8g_DrawStr
                0x000030ec       0x6e drivers/u8glib/u8g_font.o
                0x000030ec                u8g_DrawStr
 .text.u8g_DrawStrP
                0x0000315a       0x54 drivers/u8glib/u8g_font.o
                0x0000315a                u8g_DrawStrP
 .text.u8g_UpdateRefHeight
                0x000031ae       0x92 drivers/u8glib/u8g_font.o
                0x000031ae                u8g_UpdateRefHeight
 .text.u8g_SetFontPosBaseline
                0x00003240        0xc drivers/u8glib/u8g_font.o
                0x00003240                u8g_SetFontPosBaseline
 .text.u8g_SetFont
                0x0000324c       0x28 drivers/u8glib/u8g_font.o
                0x0000324c                u8g_SetFont
 .text.u8g_init_data
                0x00003274       0x56 drivers/u8glib/u8g_ll_api.o
 .text.u8g_call_dev_fn
                0x000032ca        0x8 drivers/u8glib/u8g_ll_api.o
                0x000032ca                u8g_call_dev_fn
 .text.u8g_InitLL
                0x000032d2       0x64 drivers/u8glib/u8g_ll_api.o
                0x000032d2                u8g_InitLL
 .text.u8g_FirstPageLL
                0x00003336       0x4a drivers/u8glib/u8g_ll_api.o
                0x00003336                u8g_FirstPageLL
 .text.u8g_NextPageLL
                0x00003380       0x58 drivers/u8glib/u8g_ll_api.o
                0x00003380                u8g_NextPageLL
 .text.u8g_DrawPixelLL
                0x000033d8       0x12 drivers/u8glib/u8g_ll_api.o
                0x000033d8                u8g_DrawPixelLL
 .text.u8g_GetWidthLL
                0x000033ea       0x20 drivers/u8glib/u8g_ll_api.o
                0x000033ea                u8g_GetWidthLL
 .text.u8g_GetHeightLL
                0x0000340a       0x20 drivers/u8glib/u8g_ll_api.o
                0x0000340a                u8g_GetHeightLL
 .text.u8g_GetModeLL
                0x0000342a        0xa drivers/u8glib/u8g_ll_api.o
                0x0000342a                u8g_GetModeLL
 .text.u8g_UpdateDimension
                0x00003434       0x3e drivers/u8glib/u8g_ll_api.o
                0x00003434                u8g_UpdateDimension
 .text.u8g_Begin
                0x00003472       0x20 drivers/u8glib/u8g_ll_api.o
                0x00003472                u8g_Begin
 .text.u8g_InitI2C
                0x00003492       0x3a drivers/u8glib/u8g_ll_api.o
                0x00003492                u8g_InitI2C
 .text.u8g_FirstPage
                0x000034cc        0xa drivers/u8glib/u8g_ll_api.o
                0x000034cc                u8g_FirstPage
 .text.u8g_NextPage
                0x000034d6       0x1e drivers/u8glib/u8g_ll_api.o
                0x000034d6                u8g_NextPage
 .text.u8g_DrawPixel
                0x000034f4       0x10 drivers/u8glib/u8g_ll_api.o
                0x000034f4                u8g_DrawPixel
 .text.u8g_Draw8Pixel
                0x00003504       0x22 drivers/u8glib/u8g_ll_api.o
                0x00003504                u8g_Draw8Pixel
 .text.u8g_page_First
                0x00003526        0xe drivers/u8glib/u8g_page.o
                0x00003526                u8g_page_First
 .text.u8g_page_Next
                0x00003534       0x2c drivers/u8glib/u8g_page.o
                0x00003534                u8g_page_Next
 .text.u8g_pb_Clear
                0x00003560       0x20 drivers/u8glib/u8g_pb.o
                0x00003560                u8g_pb_Clear
 .text.u8g_pb_IsYIntersection
                0x00003580       0x2c drivers/u8glib/u8g_pb.o
                0x00003580                u8g_pb_IsYIntersection
 .text.u8g_pb_GetPageBox
                0x000035ac       0x20 drivers/u8glib/u8g_pb.o
                0x000035ac                u8g_pb_GetPageBox
 .text.u8g_pb_Is8PixelVisible
                0x000035cc       0x20 drivers/u8glib/u8g_pb.o
                0x000035cc                u8g_pb_Is8PixelVisible
 .text.u8g_pb_WriteBuffer
                0x000035ec       0x10 drivers/u8glib/u8g_pb.o
                0x000035ec                u8g_pb_WriteBuffer
 .text.u8g_pb8v1_set_pixel
                0x000035fc       0x34 drivers/u8glib/u8g_pb8v1.o
                0x000035fc                u8g_pb8v1_set_pixel
 .text.u8g_pb8v1_SetPixel
                0x00003630       0x2c drivers/u8glib/u8g_pb8v1.o
                0x00003630                u8g_pb8v1_SetPixel
 .text.u8g_pb8v1_Set8PixelOpt2
                0x0000365c       0x68 drivers/u8glib/u8g_pb8v1.o
                0x0000365c                u8g_pb8v1_Set8PixelOpt2
 .text.u8g_dev_pb8v1_base_fn
                0x000036c4       0x8e drivers/u8glib/u8g_pb8v1.o
                0x000036c4                u8g_dev_pb8v1_base_fn
 .text.u8g_draw_hline
                0x00003752       0x72 drivers/u8glib/u8g_rect.o
                0x00003752                u8g_draw_hline
 .text.u8g_draw_vline
                0x000037c4       0x72 drivers/u8glib/u8g_rect.o
                0x000037c4                u8g_draw_vline
 .text.u8g_DrawFrame
                0x00003836       0x76 drivers/u8glib/u8g_rect.o
                0x00003836                u8g_DrawFrame
 .text.u8g_draw_box
                0x000038ac       0x36 drivers/u8glib/u8g_rect.o
                0x000038ac                u8g_draw_box
 .text.u8g_DrawBox
                0x000038e2       0x3a drivers/u8glib/u8g_rect.o
                0x000038e2                u8g_DrawBox
 .text.u8g_state_dummy_cb
                0x0000391c        0x2 drivers/u8glib/u8g_state.o
                0x0000391c                u8g_state_dummy_cb
 .text._Z8init_ADCv
                0x0000391e        0xe main.o
                0x0000391e                _Z8init_ADCv
 .text._Z5delayi
                0x0000392c       0x18 main.o
                0x0000392c                _Z5delayi
 .text._Z13init_hardwarev
                0x00003944       0x28 main.o
                0x00003944                _Z13init_hardwarev
 .text._Z10analogReadi
                0x0000396c       0x28 main.o
                0x0000396c                _Z10analogReadi
 .text._Z9switchPinhb
                0x00003994       0x32 main.o
                0x00003994                _Z9switchPinhb
 .text._Z15findBestChannelv
                0x000039c6      0x174 main.o
                0x000039c6                _Z15findBestChannelv
 .text._Z13selectChannelhb
                0x00003b3a       0x8e main.o
                0x00003b3a                _Z13selectChannelhb
 .text._Z22displaySelectedChannelh
                0x00003bc8      0x128 main.o
                0x00003bc8                _Z22displaySelectedChannelh
 .text._Z18checkButtonPressedv
                0x00003cf0       0xfe main.o
                0x00003cf0                _Z18checkButtonPressedv
 .text._Z15readCurrentRSSIv
                0x00003dee       0x64 main.o
                0x00003dee                _Z15readCurrentRSSIv
 .text._Z19displaySplashScreenv
                0x00003e52       0x94 main.o
                0x00003e52                _Z19displaySplashScreenv
 .text.startup.main
                0x00003ee6       0x2c main.o
                0x00003ee6                main
 .text.startup._GLOBAL__sub_I__Z3maplllll
                0x00003f12        0x8 main.o
 .text._ZN4Time4initEv
                0x00003f1a       0x12 time.o
                0x00003f1a                _ZN4Time4initEv
 .text._ZN4TimeC2Ev
                0x00003f2c       0x16 time.o
                0x00003f2c                _ZN4TimeC1Ev
                0x00003f2c                _ZN4TimeC2Ev
 .text._ZN4Time6millisEv
                0x00003f42       0x12 time.o
                0x00003f42                _ZN4Time6millisEv
 .text.__vector_16
                0x00003f54       0x94 time.o
                0x00003f54                __vector_16
 .text.libgcc.div
                0x00003fe8       0x28 c:/program files (x86)/atmel/studio/7.0/toolchain/avr8/avr8-gnu-toolchain/bin/../lib/gcc/avr/4.9.2/avr5\libgcc.a(_udivmodhi4.o)
                0x00003fe8                __udivmodhi4
 .text.libgcc   0x00004010        0xc c:/program files (x86)/atmel/studio/7.0/toolchain/avr8/avr8-gnu-toolchain/bin/../lib/gcc/avr/4.9.2/avr5\libgcc.a(_tablejump2.o)
                0x00004010                __tablejump2__
 .text.avr-libc
                0x0000401c        0xe c:/program files (x86)/atmel/studio/7.0/toolchain/avr8/avr8-gnu-toolchain/bin/../lib/gcc/avr/4.9.2/../../../../avr/lib/avr5\libc.a(strcpy_P.o)
                0x0000401c                strcpy_P
 .text.avr-libc
                0x0000402a       0x46 c:/program files (x86)/atmel/studio/7.0/toolchain/avr8/avr8-gnu-toolchain/bin/../lib/gcc/avr/4.9.2/../../../../avr/lib/avr5\libc.a(sprintf_p.o)
                0x0000402a                sprintf_P
 .text.avr-libc
                0x00004070      0x3a4 c:/program files (x86)/atmel/studio/7.0/toolchain/avr8/avr8-gnu-toolchain/bin/../lib/gcc/avr/4.9.2/../../../../avr/lib/avr5\libc.a(vfprintf_std.o)
                0x00004070                vfprintf
 .text.avr-libc
                0x00004414       0x16 c:/program files (x86)/atmel/studio/7.0/toolchain/avr8/avr8-gnu-toolchain/bin/../lib/gcc/avr/4.9.2/../../../../avr/lib/avr5\libc.a(strnlen_P.o)
                0x00004414                strnlen_P
 .text.avr-libc
                0x0000442a       0x16 c:/program files (x86)/atmel/studio/7.0/toolchain/avr8/avr8-gnu-toolchain/bin/../lib/gcc/avr/4.9.2/../../../../avr/lib/avr5\libc.a(strnlen.o)
                0x0000442a                strnlen
 .text.avr-libc
                0x00004440       0x70 c:/program files (x86)/atmel/studio/7.0/toolchain/avr8/avr8-gnu-toolchain/bin/../lib/gcc/avr/4.9.2/../../../../avr/lib/avr5\libc.a(fputc.o)
                0x00004440                fputc
 .text.avr-libc
                0x000044b0       0xbc c:/program files (x86)/atmel/studio/7.0/toolchain/avr8/avr8-gnu-toolchain/bin/../lib/gcc/avr/4.9.2/../../../../avr/lib/avr5\libc.a(ultoa_invert.o)
                0x000044b0                __ultoa_invert
 .text.libgcc.prologue
                0x0000456c       0x38 c:/program files (x86)/atmel/studio/7.0/toolchain/avr8/avr8-gnu-toolchain/bin/../lib/gcc/avr/4.9.2/avr5\libgcc.a(_prologue.o)
                0x0000456c                __prologue_saves__
 .text.libgcc.prologue
                0x000045a4       0x36 c:/program files (x86)/atmel/studio/7.0/toolchain/avr8/avr8-gnu-toolchain/bin/../lib/gcc/avr/4.9.2/avr5\libgcc.a(_epilogue.o)
                0x000045a4                __epilogue_restores__
                0x000045da                . = ALIGN (0x2)
 *(.fini9)
 .fini9         0x000045da        0x0 c:/program files (x86)/atmel/studio/7.0/toolchain/avr8/avr8-gnu-toolchain/bin/../lib/gcc/avr/4.9.2/avr5\libgcc.a(_exit.o)
                0x000045da                _exit
                0x000045da                exit
 *(.fini9)
 *(.fini8)
 *(.fini8)
 *(.fini7)
 *(.fini7)
 *(.fini6)
 *(.fini6)
 *(.fini5)
 *(.fini5)
 *(.fini4)
 *(.fini4)
 *(.fini3)
 *(.fini3)
 *(.fini2)
 *(.fini2)
 *(.fini1)
 *(.fini1)
 *(.fini0)
 .fini0         0x000045da        0x4 c:/program files (x86)/atmel/studio/7.0/toolchain/avr8/avr8-gnu-toolchain/bin/../lib/gcc/avr/4.9.2/avr5\libgcc.a(_exit.o)
 *(.fini0)
                0x000045de                _etext = .

.data           0x00800100       0x18 load address 0x000045de
                0x00800100                PROVIDE (__data_start, .)
 *(.data)
 *(.data*)
 .data.u8g_dev_ssd1306_128x64_i2c
                0x00800100        0x6 drivers/u8glib/u8g_dev_ssd1306_128x64.o
                0x00800100                u8g_dev_ssd1306_128x64_i2c
 .data.u8g_dev_ssd1306_128x64_i2c_pb
                0x00800106        0x8 drivers/u8glib/u8g_dev_ssd1306_128x64.o
                0x00800106                u8g_dev_ssd1306_128x64_i2c_pb
 .data.channels_pin_sequence
                0x0080010e        0x9 main.o
                0x0080010e                channels_pin_sequence
 *(.rodata)
 *(.rodata*)
 *(.gnu.linkonce.d*)
                0x00800118                . = ALIGN (0x2)
 *fill*         0x00800117        0x1 
                0x00800118                _edata = .
                0x00800118                PROVIDE (__data_end, .)

.bss            0x00800118       0xed
                0x00800118                PROVIDE (__bss_start, .)
 *(.bss)
 *(.bss*)
 .bss.u8g_i2c_err_pos
                0x00800118        0x1 drivers/u8glib/u8g_com_i2c.o
 .bss.u8g_i2c_opt
                0x00800119        0x1 drivers/u8glib/u8g_com_i2c.o
 .bss.u8g_i2c_err_code
                0x0080011a        0x1 drivers/u8glib/u8g_com_i2c.o
 .bss.u8g_dev_ssd1306_128x64_i2c_buf
                0x0080011b       0x80 drivers/u8glib/u8g_dev_ssd1306_128x64.o
                0x0080011b                u8g_dev_ssd1306_128x64_i2c_buf
 .bss.currentChannelRssi
                0x0080019b        0x2 main.o
                0x0080019b                currentChannelRssi
 .bss.currentChannel
                0x0080019d        0x1 main.o
                0x0080019d                currentChannel
 .bss.control_button_up_time
                0x0080019e        0x4 main.o
                0x0080019e                control_button_up_time
 .bss.control_button_pressed_time
                0x008001a2        0x4 main.o
                0x008001a2                control_button_pressed_time
 .bss.output_buffer
                0x008001a6       0x1e main.o
                0x008001a6                output_buffer
 .bss.time      0x008001c4        0x9 main.o
                0x008001c4                time
 .bss.eeprom    0x008001cd        0x1 main.o
                0x008001cd                eeprom
 .bss.display   0x008001ce       0x37 main.o
                0x008001ce                display
 *(COMMON)
                0x00800205                PROVIDE (__bss_end, .)
                0x000045de                __data_load_start = LOADADDR (.data)
                0x000045f6                __data_load_end = (__data_load_start + SIZEOF (.data))

.noinit         0x00800205        0x0
                [!provide]                PROVIDE (__noinit_start, .)
 *(.noinit*)
                [!provide]                PROVIDE (__noinit_end, .)
                0x00800205                _end = .
                [!provide]                PROVIDE (__heap_start, .)

.eeprom         0x00810000        0x0
 *(.eeprom*)
                0x00810000                __eeprom_end = .

.fuse
 *(.fuse)
 *(.lfuse)
 *(.hfuse)
 *(.efuse)

.lock
 *(.lock*)

.signature
 *(.signature*)

.user_signatures
 *(.user_signatures*)

.stab
 *(.stab)

.stabstr
 *(.stabstr)

.stab.excl
 *(.stab.excl)

.stab.exclstr
 *(.stab.exclstr)

.stab.index
 *(.stab.index)

.stab.indexstr
 *(.stab.indexstr)

.comment        0x00000000       0x5c
 *(.comment)
 .comment       0x00000000       0x30 drivers/eeprom.o
                                 0x31 (size before relaxing)
 .comment       0x00000030       0x31 drivers/u8glib/u8g_bitmap.o
 .comment       0x00000030       0x31 drivers/u8glib/u8g_clip.o
 .comment       0x00000030       0x31 drivers/u8glib/u8g_com_api.o
 .comment       0x00000030       0x31 drivers/u8glib/u8g_com_arduino_ssd_i2c.o
 .comment       0x00000030       0x31 drivers/u8glib/u8g_com_i2c.o
 .comment       0x00000030       0x31 drivers/u8glib/u8g_delay.o
 .comment       0x00000030       0x31 drivers/u8glib/u8g_dev_ssd1306_128x64.o
 .comment       0x00000030       0x31 drivers/u8glib/u8g_font.o
 .comment       0x00000030       0x31 drivers/u8glib/u8g_font_data.o
 .comment       0x00000030       0x31 drivers/u8glib/u8g_ll_api.o
 .comment       0x00000030       0x31 drivers/u8glib/u8g_page.o
 .comment       0x00000030       0x31 drivers/u8glib/u8g_pb.o
 .comment       0x00000030       0x31 drivers/u8glib/u8g_pb8v1.o
 .comment       0x00000030       0x31 drivers/u8glib/u8g_rect.o
 .comment       0x00000030       0x31 drivers/u8glib/u8g_state.o
 .comment       0x00000030       0x31 main.o
 .comment       0x00000030       0x31 time.o
 .comment       0x00000030       0x31 c:/program files (x86)/atmel/studio/7.0/toolchain/avr8/avr8-gnu-toolchain/bin/../lib/gcc/avr/4.9.2/../../../../avr/lib/avr5\libc.a(sprintf_p.o)
 .comment       0x00000030       0x2c c:/program files (x86)/atmel/studio/7.0/toolchain/avr8/avr8-gnu-toolchain/bin/../lib/gcc/avr/4.9.2/../../../../avr/lib/avr5\libc.a(vfprintf_std.o)
                                 0x2d (size before relaxing)
 .comment       0x0000005c       0x31 c:/program files (x86)/atmel/studio/7.0/toolchain/avr8/avr8-gnu-toolchain/bin/../lib/gcc/avr/4.9.2/../../../../avr/lib/avr5\libc.a(fputc.o)

.note.gnu.avr.deviceinfo
                0x00000000       0x40
 .note.gnu.avr.deviceinfo
                0x00000000       0x40 C:/Program Files (x86)/Atmel/Studio/7.0/Packs/atmel/ATmega_DFP/1.1.130/gcc/dev/atmega328p/avr5/crtatmega328p.o

.note.gnu.build-id
 *(.note.gnu.build-id)

.debug
 *(.debug)

.line
 *(.line)

.debug_srcinfo
 *(.debug_srcinfo)

.debug_sfnames
 *(.debug_sfnames)

.debug_aranges
 *(.debug_aranges)

.debug_pubnames
 *(.debug_pubnames)

.debug_info     0x00000000      0x5f4
 *(.debug_info .gnu.linkonce.wi.*)
 .debug_info    0x00000000      0x5f4 C:/Program Files (x86)/Atmel/Studio/7.0/Packs/atmel/ATmega_DFP/1.1.130/gcc/dev/atmega328p/avr5/crtatmega328p.o

.debug_abbrev   0x00000000      0x5a2
 *(.debug_abbrev)
 .debug_abbrev  0x00000000      0x5a2 C:/Program Files (x86)/Atmel/Studio/7.0/Packs/atmel/ATmega_DFP/1.1.130/gcc/dev/atmega328p/avr5/crtatmega328p.o

.debug_line     0x00000000      0x133
 *(.debug_line .debug_line.* .debug_line_end)
 .debug_line    0x00000000      0x133 C:/Program Files (x86)/Atmel/Studio/7.0/Packs/atmel/ATmega_DFP/1.1.130/gcc/dev/atmega328p/avr5/crtatmega328p.o

.debug_frame
 *(.debug_frame)

.debug_str      0x00000000      0x208
 *(.debug_str)
 .debug_str     0x00000000      0x208 C:/Program Files (x86)/Atmel/Studio/7.0/Packs/atmel/ATmega_DFP/1.1.130/gcc/dev/atmega328p/avr5/crtatmega328p.o

.debug_loc
 *(.debug_loc)

.debug_macinfo
 *(.debug_macinfo)

.debug_weaknames
 *(.debug_weaknames)

.debug_funcnames
 *(.debug_funcnames)

.debug_typenames
 *(.debug_typenames)

.debug_varnames
 *(.debug_varnames)

.debug_pubtypes
 *(.debug_pubtypes)

.debug_ranges
 *(.debug_ranges)

.debug_macro
 *(.debug_macro)
OUTPUT(SM1370R.elf elf32-avr)
LOAD linker stubs
